[www.rodart.it/index.html]
[backblue.gif]
[fade.gif]
[index.html]
[www.rodart.it/images/favicon.ico]
[www.rodart.it/templates/roda/css/template_css.css]
[www.rodart.it/biografia.html]
[www.rodart.it/recensioni.html]
[www.rodart.it/pagine/dicono-di-me.html]
[www.rodart.it/pagine/curriculum.html]
[www.rodart.it/galleria.html]
[www.rodart.it/contatti/rod-a/rosalba-darienzo.html]
[www.rodart.it/news/hanno-scritto-di-rod.html]
[www.rodart.it/index.html]
[www.rodart.it/templates/roda/images/he.jpg]
[www.rodart.it/templates/roda/images/sign.gif]
[www.rodart.it/templates/roda/images/footer.gif]
[www.rodart.it/templates/roda/css/template_css.css]
[www.rodart.it/indexfd95.html]
[www.rodart.it/images/stories/io.jpg]
[www.rodart.it/biografia.html]
[www.rodart.it/index-2.html]
[www.rodart.it/recensioni/dino-maras.html]
[www.rodart.it/recensioni/flavio-de-gregorio.html]
[www.rodart.it/recensioni/anna-francesca-biondolillo.html]
[www.rodart.it/recensioni/elena-cicchetti.html]
[www.rodart.it/recensioni/vittoria-colpi.html]
[www.rodart.it/recensioni/paolo-levi.html]
[www.rodart.it/recensioni/nadine-giove.html]
[www.rodart.it/recensioni/daniele-radini-tedeschi.html]
[www.rodart.it/recensioni/sandro-serradifalco.html]
[www.rodart.it/recensioni/giancarlo-al.html]
[www.rodart.it/recensioni.html]
[www.rodart.it/pensieri/oltre-il-tempo-oltre-il-colore-oltre.html]
[www.rodart.it/pensieri/il-rosso-e-il-nero-roda.html]
[www.rodart.it/pensieri/nota-critica-a-rosalba-darienzo-roda.html]
[www.rodart.it/pagine/dicono-di-me.html]
[www.rodart.it/pagine/curriculum.html]
[www.rodart.it/mambots/content/plugin_jw_sig/sig.css]
[www.rodart.it/mambots/content/plugin_jw_sig/mootools.js]
[www.rodart.it/mambots/content/plugin_jw_sig/slimbox.js]
[www.rodart.it/images/stories/quadri/01a.jpg]
[www.rodart.it/mambots/content/plugin_jw_sig/icache/images/stories/quadri/01a.jpg]
[www.rodart.it/images/stories/quadri/02a.jpg]
[www.rodart.it/mambots/content/plugin_jw_sig/icache/images/stories/quadri/02a.jpg]
[www.rodart.it/images/stories/quadri/03a.jpg]
[www.rodart.it/mambots/content/plugin_jw_sig/icache/images/stories/quadri/03a.jpg]
[www.rodart.it/images/stories/quadri/04a.jpg]
[www.rodart.it/mambots/content/plugin_jw_sig/icache/images/stories/quadri/04a.jpg]
[www.rodart.it/images/stories/quadri/05a.jpg]
[www.rodart.it/mambots/content/plugin_jw_sig/icache/images/stories/quadri/05a.jpg]
[www.rodart.it/images/stories/quadri/06a.jpg]
[www.rodart.it/mambots/content/plugin_jw_sig/icache/images/stories/quadri/06a.jpg]
[www.rodart.it/images/stories/quadri/07a.jpg]
[www.rodart.it/mambots/content/plugin_jw_sig/icache/images/stories/quadri/07a.jpg]
[www.rodart.it/images/stories/quadri/08a.jpg]
[www.rodart.it/mambots/content/plugin_jw_sig/icache/images/stories/quadri/08a.jpg]
[www.rodart.it/images/stories/quadri/09a.jpg]
[www.rodart.it/mambots/content/plugin_jw_sig/icache/images/stories/quadri/09a.jpg]
[www.rodart.it/images/stories/quadri/10a.jpg]
[www.rodart.it/mambots/content/plugin_jw_sig/icache/images/stories/quadri/10a.jpg]
[www.rodart.it/images/stories/quadri/11a.jpg]
[www.rodart.it/mambots/content/plugin_jw_sig/icache/images/stories/quadri/11a.jpg]
[www.rodart.it/images/stories/quadri/12a.jpg]
[www.rodart.it/mambots/content/plugin_jw_sig/icache/images/stories/quadri/12a.jpg]
[www.rodart.it/images/stories/quadri/13a.jpg]
[www.rodart.it/mambots/content/plugin_jw_sig/icache/images/stories/quadri/13a.jpg]
[www.rodart.it/images/stories/quadri/14a.jpg]
[www.rodart.it/mambots/content/plugin_jw_sig/icache/images/stories/quadri/14a.jpg]
[www.rodart.it/images/stories/quadri/15a.jpg]
[www.rodart.it/mambots/content/plugin_jw_sig/icache/images/stories/quadri/15a.jpg]
[www.rodart.it/images/stories/quadri/16a.jpg]
[www.rodart.it/mambots/content/plugin_jw_sig/icache/images/stories/quadri/16a.jpg]
[www.rodart.it/images/stories/quadri/17a.jpg]
[www.rodart.it/mambots/content/plugin_jw_sig/icache/images/stories/quadri/17a.jpg]
[www.rodart.it/images/stories/quadri/18a.jpg]
[www.rodart.it/mambots/content/plugin_jw_sig/icache/images/stories/quadri/18a.jpg]
[www.rodart.it/images/stories/quadri/19a.jpg]
[www.rodart.it/mambots/content/plugin_jw_sig/icache/images/stories/quadri/19a.jpg]
[www.rodart.it/images/stories/quadri/20a.jpg]
[www.rodart.it/mambots/content/plugin_jw_sig/icache/images/stories/quadri/20a.jpg]
[www.rodart.it/images/stories/quadri/21a.jpg]
[www.rodart.it/mambots/content/plugin_jw_sig/icache/images/stories/quadri/21a.jpg]
[www.rodart.it/images/stories/quadri/22a.jpg]
[www.rodart.it/mambots/content/plugin_jw_sig/icache/images/stories/quadri/22a.jpg]
[www.rodart.it/images/stories/quadri/23a.jpg]
[www.rodart.it/mambots/content/plugin_jw_sig/icache/images/stories/quadri/23a.jpg]
[www.rodart.it/images/stories/quadri/24a.jpg]
[www.rodart.it/mambots/content/plugin_jw_sig/icache/images/stories/quadri/24a.jpg]
[www.rodart.it/images/stories/quadri/25a.jpg]
[www.rodart.it/mambots/content/plugin_jw_sig/icache/images/stories/quadri/25a.jpg]
[www.rodart.it/images/stories/quadri/26a.jpg]
[www.rodart.it/mambots/content/plugin_jw_sig/icache/images/stories/quadri/26a.jpg]
[www.rodart.it/images/stories/quadri/27a.jpg]
[www.rodart.it/mambots/content/plugin_jw_sig/icache/images/stories/quadri/27a.jpg]
[www.rodart.it/images/stories/quadri/28a.jpg]
[www.rodart.it/mambots/content/plugin_jw_sig/icache/images/stories/quadri/28a.jpg]
[www.rodart.it/images/stories/quadri/29a.jpg]
[www.rodart.it/mambots/content/plugin_jw_sig/icache/images/stories/quadri/29a.jpg]
[www.rodart.it/images/stories/quadri/30a.jpg]
[www.rodart.it/mambots/content/plugin_jw_sig/icache/images/stories/quadri/30a.jpg]
[www.rodart.it/images/stories/quadri/31a.jpg]
[www.rodart.it/mambots/content/plugin_jw_sig/icache/images/stories/quadri/31a.jpg]
[www.rodart.it/images/stories/quadri/32a.jpg]
[www.rodart.it/mambots/content/plugin_jw_sig/icache/images/stories/quadri/32a.jpg]
[www.rodart.it/images/stories/quadri/33a.jpg]
[www.rodart.it/mambots/content/plugin_jw_sig/icache/images/stories/quadri/33a.jpg]
[www.rodart.it/images/stories/quadri/34a.jpg]
[www.rodart.it/mambots/content/plugin_jw_sig/icache/images/stories/quadri/34a.jpg]
[www.rodart.it/galleria.html]
[www.rodart.it/contatti.html]
[www.rodart.it/contatti/rod-a/rosalba-darienzo.html]
[www.rodart.it/news/hanno-scritto-di-rod.html]
[www.rodart.it/indexfd95.html]
[www.rodart.it/index-2.html]
[www.rodart.it/recensioni/dino-maras.html]
[www.rodart.it/index5ec3.html]
[www.rodart.it/recensioni/flavio-de-gregorio.html]
[www.rodart.it/indexffb5.html]
[www.rodart.it/recensioni/anna-francesca-biondolillo.html]
[www.rodart.it/indexd1eb.html]
[www.rodart.it/recensioni/elena-cicchetti.html]
[www.rodart.it/recensioni/vittoria-colpi.html]
[www.rodart.it/recensioni/paolo-levi.html]
[www.rodart.it/index2e6e.html]
[www.rodart.it/recensioni/nadine-giove.html]
[www.rodart.it/recensioni/daniele-radini-tedeschi.html]
[www.rodart.it/recensioni/sandro-serradifalco.html]
[www.rodart.it/recensioni/giancarlo-al.html]
[www.rodart.it/pensieri/oltre-il-tempo-oltre-il-colore-oltre.html]
[www.rodart.it/pensieri/il-rosso-e-il-nero-roda.html]
[www.rodart.it/pensieri/nota-critica-a-rosalba-darienzo-roda.html]
[www.rodart.it/index5384.html]
[www.rodart.it/indexc095.html]
[www.rodart.it/mambots/content/plugin_jw_sig/shadowAlpha.png]
[www.rodart.it/indexd8bf.html]
[www.rodart.it/mambots/content/plugin_jw_sig/shadow.gif]
[www.rodart.it/mambots/content/plugin_jw_sig/loading.gif]
[www.rodart.it/mambots/content/plugin_jw_sig/prevlabel.gif]
[www.rodart.it/mambots/content/plugin_jw_sig/nextlabel.gif]
[www.rodart.it/mambots/content/plugin_jw_sig/closelabel.gif]
[www.rodart.it/mambots/content/plugin_jw_sig/sig.css]
[www.rodart.it/contatti.html]
[www.rodart.it/index5ec3.html]
[www.rodart.it/indexffb5.html]
[www.rodart.it/indexd1eb.html]
[www.rodart.it/index2e6e.html]
[www.rodart.it/index5384.html]
[www.rodart.it/indexc095.html]
[www.rodart.it/indexd8bf.html]
